// Jest Snapshot v1, https://goo.gl/fbAQLP

exports[`<TodoList /> tests should render the component 1`] = `
<Fragment>
  <ul
    className="list-group list-group-flush"
  >
    <TodoListItem
      handleDelete={[MockFunction]}
      handleToggle={[MockFunction]}
      index={0}
      key="1"
      todo={
        Object {
          "desc": "Learn React",
          "done": false,
          "id": 1,
        }
      }
    />
    <TodoListItem
      handleDelete={[MockFunction]}
      handleToggle={[MockFunction]}
      index={1}
      key="2"
      todo={
        Object {
          "desc": "Learn Node",
          "done": false,
          "id": 2,
        }
      }
    />
  </ul>
</Fragment>
`;
