// Jest Snapshot v1, https://goo.gl/fbAQLP

exports[`<RealExampleRef /> tests should render <RealExampleRef /> component 1`] = `
<Fragment>
  <h1>
    Real Example Ref
  </h1>
  <button
    className="btn btn-success mt-5"
    onClick={[Function]}
  >
    Show/Hide
  </button>
</Fragment>
`;

exports[`<RealExampleRef /> tests should render component correctly 1`] = `
<Fragment>
  <h1>
    Real Example Ref
  </h1>
  <button
    className="btn btn-success mt-5"
    onClick={[Function]}
  >
    Show/Hide
  </button>
</Fragment>
`;
