// Jest Snapshot v1, https://goo.gl/fbAQLP

exports[`<LoginScreen /> tests should render component correctly 1`] = `
Array [
  <h1>
    Login
  </h1>,
  <hr />,
  <button
    className="btn btn-outline-primary"
    onClick={[Function]}
  >
    Login
  </button>,
]
`;
